Watching for changes in /home/edu/Work/teaga/{archetypes,assets,content,data,i18n,layouts,static,themes}
Watching for config changes in /home/edu/Work/teaga/hugo.toml
Start building sites … 
hugo v0.124.1-db083b05f16c945fec04f745f0ca8640560cf1ec+extended linux/amd64 BuildDate=2024-03-20T11:40:10Z VendorInfo=gohugoio

WARN  found no layout file for "html" for kind "taxonomy": You should create a template file which matches Hugo Layouts Lookup Rules for this combination.

                   | EN  
-------------------+-----
  Pages            |  5  
  Paginator pages  |  0  
  Non-page files   |  0  
  Static files     |  0  
  Processed images |  0  
  Aliases          |  0  
  Cleaned          |  0  

Built in 25 ms
Environment: "development"
Serving pages from disk
Running in Fast Render Mode. For full rebuilds on change: hugo server --disableFastRender
Web Server is available at http://localhost:1320/ (bind address 0.0.0.0) 
Press Ctrl+C to stop

Change detected, rebuilding site (#1).
2026-04-01 17:40:10.111 -0400
Template changed /partials/head.html
WARN  found no layout file for "html" for kind "taxonomy": You should create a template file which matches Hugo Layouts Lookup Rules for this combination.
Total in 22 ms
